ArrayBuffer_ArrayBuffer([<NULL>, <NULL>, <NULL>], 0)
ArrayBuffer_ArrayBuffer([1, <NULL>, <NULL>], 1)
ArrayBuffer_ArrayBuffer([1, 2, <NULL>], 2)
4 6
ArrayBuffer_ArrayBuffer([0, 1, 2, 3, <NULL>, <NULL>], 4)
ArrayBuffer_ArrayBuffer([0, 1, 2, 3, 4, <NULL>], 5)
20 12
20 24
ArrayBuffer_ArrayBuffer([0, 1, 2, 3, 4, 5, 6, 7, 8, <NULL>, <NULL>, <NULL>, <NULL>, <NULL>, <NULL>, <NULL>, <NULL>, <NULL>, <NULL>, <NULL>, <NULL>, <NULL>, <NULL>, <NULL>], 9)
ArrayBuffer_ArrayBuffer([0, 3, 4, 5, 6, 7, 8, 7, 8, <NULL>, <NULL>, <NULL>, <NULL>, <NULL>, <NULL>, <NULL>, <NULL>, <NULL>, <NULL>, <NULL>, <NULL>, <NULL>, <NULL>, <NULL>], 7)
ArrayBuffer_ArrayBuffer([-2, -1, 0, 3, 4, 5, 7, 7, 7, 6, 7, 8, <NULL>, <NULL>, <NULL>, <NULL>, <NULL>, <NULL>, <NULL>, <NULL>, <NULL>, <NULL>, <NULL>, <NULL>], 12)
Test 12 false 42
ArrayBuffer_ArrayBuffer([-2, 42, 0, 3, 4, 5, 7, 7, 7, 6, 7, 8, <NULL>, <NULL>, <NULL>, <NULL>, <NULL>, <NULL>, <NULL>, <NULL>, <NULL>, <NULL>, <NULL>, <NULL>], 0)
