1234567890 -1234567890 true false $123.456000000 -0.001234500 127 -128 String () [1, 2] 3735928559 -493
4
0
5
0
24
-9223372036854775808
1
-1
63
64
4
0
5
0
-128
-1
false
true
true
true
true
1
1
Correct String
777
5
16
3
2
1
