[1042, 1110, 1090, 1072, 1102, 44, 32, 1057, 1074, 1110, 1090, 33]
1090
Вітаю, Світ! Option_Some(2)
