Hello world! List_Cons(1, List_Cons(2, List_Nil)). Is empty: false, length = 2
